Archive member included to satisfy reference by file (symbol)

c:/siliconlabs/simplicitystudio/v4/developer/toolchains/gnu_arm/7.2_2017q4/bin/../lib/gcc/arm-none-eabi/7.2.1/thumb/v7-m\libgcc.a(_aeabi_uldivmod.o)
                              ./emlib/em_usart.o (__aeabi_uldivmod)
c:/siliconlabs/simplicitystudio/v4/developer/toolchains/gnu_arm/7.2_2017q4/bin/../lib/gcc/arm-none-eabi/7.2.1/thumb/v7-m\libgcc.a(_udivmoddi4.o)
                              c:/siliconlabs/simplicitystudio/v4/developer/toolchains/gnu_arm/7.2_2017q4/bin/../lib/gcc/arm-none-eabi/7.2.1/thumb/v7-m\libgcc.a(_aeabi_uldivmod.o) (__udivmoddi4)
c:/siliconlabs/simplicitystudio/v4/developer/toolchains/gnu_arm/7.2_2017q4/bin/../lib/gcc/arm-none-eabi/7.2.1/thumb/v7-m\libgcc.a(_dvmd_tls.o)
                              c:/siliconlabs/simplicitystudio/v4/developer/toolchains/gnu_arm/7.2_2017q4/bin/../lib/gcc/arm-none-eabi/7.2.1/thumb/v7-m\libgcc.a(_aeabi_uldivmod.o) (__aeabi_ldiv0)
c:/siliconlabs/simplicitystudio/v4/developer/toolchains/gnu_arm/7.2_2017q4/bin/../lib/gcc/arm-none-eabi/7.2.1/../../../../arm-none-eabi/lib/thumb/v7-m\libc_nano.a(lib_a-abs.o)
                              ./Drivers/segmentlcd.o (abs)
c:/siliconlabs/simplicitystudio/v4/developer/toolchains/gnu_arm/7.2_2017q4/bin/../lib/gcc/arm-none-eabi/7.2.1/../../../../arm-none-eabi/lib/thumb/v7-m\libc_nano.a(lib_a-atoi.o)
                              ./src/init.o (atoi)
c:/siliconlabs/simplicitystudio/v4/developer/toolchains/gnu_arm/7.2_2017q4/bin/../lib/gcc/arm-none-eabi/7.2.1/../../../../arm-none-eabi/lib/thumb/v7-m\libc_nano.a(lib_a-exit.o)
                              c:/siliconlabs/simplicitystudio/v4/developer/toolchains/gnu_arm/7.2_2017q4/bin/../lib/gcc/arm-none-eabi/7.2.1/../../../../arm-none-eabi/lib/thumb/v7-m/crt0.o (exit)
c:/siliconlabs/simplicitystudio/v4/developer/toolchains/gnu_arm/7.2_2017q4/bin/../lib/gcc/arm-none-eabi/7.2.1/../../../../arm-none-eabi/lib/thumb/v7-m\libc_nano.a(lib_a-impure.o)
                              c:/siliconlabs/simplicitystudio/v4/developer/toolchains/gnu_arm/7.2_2017q4/bin/../lib/gcc/arm-none-eabi/7.2.1/../../../../arm-none-eabi/lib/thumb/v7-m\libc_nano.a(lib_a-exit.o) (_global_impure_ptr)
c:/siliconlabs/simplicitystudio/v4/developer/toolchains/gnu_arm/7.2_2017q4/bin/../lib/gcc/arm-none-eabi/7.2.1/../../../../arm-none-eabi/lib/thumb/v7-m\libc_nano.a(lib_a-init.o)
                              c:/siliconlabs/simplicitystudio/v4/developer/toolchains/gnu_arm/7.2_2017q4/bin/../lib/gcc/arm-none-eabi/7.2.1/../../../../arm-none-eabi/lib/thumb/v7-m/crt0.o (__libc_init_array)
c:/siliconlabs/simplicitystudio/v4/developer/toolchains/gnu_arm/7.2_2017q4/bin/../lib/gcc/arm-none-eabi/7.2.1/../../../../arm-none-eabi/lib/thumb/v7-m\libc_nano.a(lib_a-memcpy-stub.o)
                              ./BSP/bsp_stk.o (memcpy)
c:/siliconlabs/simplicitystudio/v4/developer/toolchains/gnu_arm/7.2_2017q4/bin/../lib/gcc/arm-none-eabi/7.2.1/../../../../arm-none-eabi/lib/thumb/v7-m\libc_nano.a(lib_a-memset.o)
                              c:/siliconlabs/simplicitystudio/v4/developer/toolchains/gnu_arm/7.2_2017q4/bin/../lib/gcc/arm-none-eabi/7.2.1/../../../../arm-none-eabi/lib/thumb/v7-m/crt0.o (memset)
c:/siliconlabs/simplicitystudio/v4/developer/toolchains/gnu_arm/7.2_2017q4/bin/../lib/gcc/arm-none-eabi/7.2.1/../../../../arm-none-eabi/lib/thumb/v7-m\libc_nano.a(lib_a-printf.o)
                              ./src/re.o (printf)
c:/siliconlabs/simplicitystudio/v4/developer/toolchains/gnu_arm/7.2_2017q4/bin/../lib/gcc/arm-none-eabi/7.2.1/../../../../arm-none-eabi/lib/thumb/v7-m\libc_nano.a(lib_a-sprintf.o)
                              ./src/init.o (sprintf)
c:/siliconlabs/simplicitystudio/v4/developer/toolchains/gnu_arm/7.2_2017q4/bin/../lib/gcc/arm-none-eabi/7.2.1/../../../../arm-none-eabi/lib/thumb/v7-m\libc_nano.a(lib_a-strchr.o)
                              ./src/init.o (strchr)
c:/siliconlabs/simplicitystudio/v4/developer/toolchains/gnu_arm/7.2_2017q4/bin/../lib/gcc/arm-none-eabi/7.2.1/../../../../arm-none-eabi/lib/thumb/v7-m\libc_nano.a(lib_a-strcmp.o)
                              ./src/init.o (strcmp)
c:/siliconlabs/simplicitystudio/v4/developer/toolchains/gnu_arm/7.2_2017q4/bin/../lib/gcc/arm-none-eabi/7.2.1/../../../../arm-none-eabi/lib/thumb/v7-m\libc_nano.a(lib_a-strlen.o)
                              ./Drivers/segmentlcd.o (strlen)
c:/siliconlabs/simplicitystudio/v4/developer/toolchains/gnu_arm/7.2_2017q4/bin/../lib/gcc/arm-none-eabi/7.2.1/../../../../arm-none-eabi/lib/thumb/v7-m\libc_nano.a(lib_a-strtol.o)
                              c:/siliconlabs/simplicitystudio/v4/developer/toolchains/gnu_arm/7.2_2017q4/bin/../lib/gcc/arm-none-eabi/7.2.1/../../../../arm-none-eabi/lib/thumb/v7-m\libc_nano.a(lib_a-atoi.o) (_strtol_r)
c:/siliconlabs/simplicitystudio/v4/developer/toolchains/gnu_arm/7.2_2017q4/bin/../lib/gcc/arm-none-eabi/7.2.1/../../../../arm-none-eabi/lib/thumb/v7-m\libc_nano.a(lib_a-findfp.o)
[...]
Memory Configuration

Name             Origin             Length             Attributes
FLASH            0x00000000         0x00100000         xr
RAM              0x20000000         0x00020000         xrw
*default*        0x00000000         0xffffffff

Linker script and memory map

LOAD c:/siliconlabs/simplicitystudio/v4/developer/toolchains/gnu_arm/7.2_2017q4/bin/../lib/gcc/arm-none-eabi/7.2.1/thumb/v7-m/crti.o
LOAD c:/siliconlabs/simplicitystudio/v4/developer/toolchains/gnu_arm/7.2_2017q4/bin/../lib/gcc/arm-none-eabi/7.2.1/thumb/v7-m/crtbegin.o
LOAD c:/siliconlabs/simplicitystudio/v4/developer/toolchains/gnu_arm/7.2_2017q4/bin/../lib/gcc/arm-none-eabi/7.2.1/../../../../arm-none-eabi/lib/thumb/v7-m/crt0.o
LOAD ./BSP/bsp_bcc.o
LOAD ./BSP/bsp_stk.o
LOAD ./BSP/bsp_stk_leds.o
LOAD ./BSP/bsp_trace.o
LOAD ./CMSIS/EFM32GG/startup_gcc_efm32gg.o
LOAD ./CMSIS/EFM32GG/system_efm32gg.o
LOAD ./Drivers/segmentlcd.o
LOAD ./emlib/em_cmu.o
LOAD ./emlib/em_core.o
LOAD ./emlib/em_gpio.o
LOAD ./emlib/em_lcd.o
LOAD ./emlib/em_rtc.o
LOAD ./emlib/em_system.o
LOAD ./emlib/em_timer.o
LOAD ./emlib/em_usart.o
LOAD ./src/init.o
LOAD ./src/main.o
LOAD ./src/re.o
START GROUP
LOAD c:/siliconlabs/simplicitystudio/v4/developer/toolchains/gnu_arm/7.2_2017q4/bin/../lib/gcc/arm-none-eabi/7.2.1/thumb/v7-m\libgcc.a
LOAD c:/siliconlabs/simplicitystudio/v4/developer/toolchains/gnu_arm/7.2_2017q4/bin/../lib/gcc/arm-none-eabi/7.2.1/../../../../arm-none-eabi/lib/thumb/v7-m\libc_nano.a
LOAD c:/siliconlabs/simplicitystudio/v4/developer/toolchains/gnu_arm/7.2_2017q4/bin/../lib/gcc/arm-none-eabi/7.2.1/../../../../arm-none-eabi/lib/thumb/v7-m\libnosys.a
END GROUP
START GROUP
LOAD c:/siliconlabs/simplicitystudio/v4/developer/toolchains/gnu_arm/7.2_2017q4/bin/../lib/gcc/arm-none-eabi/7.2.1/thumb/v7-m\libgcc.a
LOAD c:/siliconlabs/simplicitystudio/v4/developer/toolchains/gnu_arm/7.2_2017q4/bin/../lib/gcc/arm-none-eabi/7.2.1/../../../../arm-none-eabi/lib/thumb/v7-m\libg_nano.a
LOAD c:/siliconlabs/simplicitystudio/v4/developer/toolchains/gnu_arm/7.2_2017q4/bin/../lib/gcc/arm-none-eabi/7.2.1/../../../../arm-none-eabi/lib/thumb/v7-m\libc_nano.a
END GROUP
START GROUP
LOAD c:/siliconlabs/simplicitystudio/v4/developer/toolchains/gnu_arm/7.2_2017q4/bin/../lib/gcc/arm-none-eabi/7.2.1/thumb/v7-m\libgcc.a
LOAD c:/siliconlabs/simplicitystudio/v4/developer/toolchains/gnu_arm/7.2_2017q4/bin/../lib/gcc/arm-none-eabi/7.2.1/../../../../arm-none-eabi/lib/thumb/v7-m\libc_nano.a
END GROUP
LOAD c:/siliconlabs/simplicitystudio/v4/developer/toolchains/gnu_arm/7.2_2017q4/bin/../lib/gcc/arm-none-eabi/7.2.1/thumb/v7-m/crtend.o
LOAD c:/siliconlabs/simplicitystudio/v4/developer/toolchains/gnu_arm/7.2_2017q4/bin/../lib/gcc/arm-none-eabi/7.2.1/thumb/v7-m/crtn.o

.text           0x00000000     0x527c
 *(.vectors)
 .vectors       0x00000000       0xdc ./CMSIS/EFM32GG/startup_gcc_efm32gg.o
                0x00000000                __Vectors
                0x000000dc                __Vectors_End = .
                0x000000dc                __Vectors_Size = (__Vectors_End - __Vectors)
                0x000000dc                __end__ = .
 *(.text*)
 .text          0x000000dc       0x40 c:/siliconlabs/simplicitystudio/v4/developer/toolchains/gnu_arm/7.2_2017q4/bin/../lib/gcc/arm-none-eabi/7.2.1/thumb/v7-m/crtbegin.o
 .text          0x0000011c       0x74 c:/siliconlabs/simplicitystudio/v4/developer/toolchains/gnu_arm/7.2_2017q4/bin/../lib/gcc/arm-none-eabi/7.2.1/../../../../arm-none-eabi/lib/thumb/v7-m/crt0.o
                0x0000011c                _start
                0x0000011c                _mainCRTStartup
 .text.GPIO_PinOutClear
                0x00000190       0x58 ./BSP/bsp_stk_leds.o
 .text.GPIO_PinOutSet
                0x000001e8       0x58 ./BSP/bsp_stk_leds.o
 .text.GPIO_PinOutToggle
                0x00000240       0x58 ./BSP/bsp_stk_leds.o
 .text.BSP_LedsInit
                0x00000298       0x58 ./BSP/bsp_stk_leds.o
                0x00000298                BSP_LedsInit
 .text.BSP_LedClear
                0x000002f0       0x40 ./BSP/bsp_stk_leds.o
                0x000002f0                BSP_LedClear
 .text.BSP_LedSet
                0x00000330       0x40 ./BSP/bsp_stk_leds.o
                0x00000330                BSP_LedSet
 .text.BSP_LedToggle
                0x00000370       0x40 ./BSP/bsp_stk_leds.o
                0x00000370                BSP_LedToggle
 .text          0x000003b0       0x30 ./CMSIS/EFM32GG/startup_gcc_efm32gg.o
                0x000003b0                Reset_Handler
                0x000003dc                DebugMon_Handler
                0x000003dc                USART0_TX_IRQHandler
                0x000003dc                I2C0_IRQHandler
                0x000003dc                HardFault_Handler
                0x000003dc                LEUART1_IRQHandler
                0x000003dc                SysTick_Handler
                0x000003dc                USART1_RX_IRQHandler
                0x000003dc                PendSV_Handler
                0x000003dc                NMI_Handler
                0x000003dc                I2C1_IRQHandler
                0x000003dc                TIMER3_IRQHandler
                0x000003dc                USART1_TX_IRQHandler
                0x000003dc                MSC_IRQHandler
                0x000003dc                ADC0_IRQHandler
                0x000003dc                UsageFault_Handler
                0x000003dc                LEUART0_IRQHandler
                0x000003dc                UART0_TX_IRQHandler
                0x000003dc                UART1_TX_IRQHandler
                0x000003dc                TIMER2_IRQHandler
                0x000003dc                LCD_IRQHandler
                0x000003dc                PCNT2_IRQHandler
                0x000003dc                LETIMER0_IRQHandler
                0x000003dc                USART2_RX_IRQHandler
                0x000003dc                Default_Handler
                0x000003dc                EMU_IRQHandler
                0x000003dc                PCNT0_IRQHandler
                0x000003dc                sl_app_properties
                0x000003dc                USB_IRQHandler
                0x000003dc                BURTC_IRQHandler
                0x000003dc                PCNT1_IRQHandler
                0x000003dc                ACMP0_IRQHandler
                0x000003dc                USART0_RX_IRQHandler
                0x000003dc                MemManage_Handler
                0x000003dc                SVC_Handler
                0x000003dc                DAC0_IRQHandler
                0x000003dc                UART1_RX_IRQHandler
                0x000003dc                CMU_IRQHandler
                0x000003dc                EBI_IRQHandler
                0x000003dc                LESENSE_IRQHandler
                0x000003dc                AES_IRQHandler
                0x000003dc                VCMP_IRQHandler
                0x000003dc                DMA_IRQHandler
                0x000003dc                BusFault_Handler
                0x000003dc                USART2_TX_IRQHandler
 .text.GetProdRev
                0x000003e0       0x18 ./CMSIS/EFM32GG/system_efm32gg.o
 .text.SystemCoreClockGet
                0x000003f8       0x34 ./CMSIS/EFM32GG/system_efm32gg.o
                0x000003f8                SystemCoreClockGet
 .text.SystemMaxCoreClockGet
                0x0000042c       0x14 ./CMSIS/EFM32GG/system_efm32gg.o
                0x0000042c                SystemMaxCoreClockGet
 .text.SystemHFClockGet
                0x00000440      0x100 ./CMSIS/EFM32GG/system_efm32gg.o
                0x00000440                SystemHFClockGet
 .text.SystemHFXOClockGet
                0x00000540       0x14 ./CMSIS/EFM32GG/system_efm32gg.o
                0x00000540                SystemHFXOClockGet
 .text.SystemInit
                0x00000554       0x1c ./CMSIS/EFM32GG/system_efm32gg.o
                0x00000554                SystemInit
 .text.SystemLFRCOClockGet
                0x00000570       0x10 ./CMSIS/EFM32GG/system_efm32gg.o
                0x00000570                SystemLFRCOClockGet
 .text.SystemULFRCOClockGet
                0x00000580       0x10 ./CMSIS/EFM32GG/system_efm32gg.o
                0x00000580                SystemULFRCOClockGet
 .text.SystemLFXOClockGet
                0x00000590       0x14 ./CMSIS/EFM32GG/system_efm32gg.o
                0x00000590                SystemLFXOClockGet
 .text.LCD_FreezeEnable
                0x000005a4       0x2c ./Drivers/segmentlcd.o
 .text.LCD_SyncBusyDelay
                0x000005d0       0x24 ./Drivers/segmentlcd.o
 .text.LCD_IntDisable
                0x000005f4       0x24 ./Drivers/segmentlcd.o
 .text.SegmentLCD_AllOff
                0x00000618       0xac ./Drivers/segmentlcd.o
                0x00000618                SegmentLCD_AllOff
 .text.SegmentLCD_AlphaNumberOff
                0x000006c4       0xa8 ./Drivers/segmentlcd.o
                0x000006c4                SegmentLCD_AlphaNumberOff
 .text.SegmentLCD_Init
                0x0000076c       0xb8 ./Drivers/segmentlcd.o
                0x0000076c                SegmentLCD_Init
 .text.SegmentLCD_Number
                0x00000824      0x128 ./Drivers/segmentlcd.o
                0x00000824                SegmentLCD_Number
 .text.SegmentLCD_NumberOff
                0x0000094c       0x4e ./Drivers/segmentlcd.o
                0x0000094c                SegmentLCD_NumberOff
 *fill*         0x0000099a        0x2 
 .text.SegmentLCD_Symbol
                0x0000099c      0x118 ./Drivers/segmentlcd.o
                0x0000099c                SegmentLCD_Symbol
 .text.SegmentLCD_Write
                0x00000ab4       0xd8 ./Drivers/segmentlcd.o
                0x00000ab4                SegmentLCD_Write
 .text.BUS_RegBitWrite
                0x00000b8c       0x2c ./emlib/em_cmu.o
 .text.BUS_RegBitRead
                0x00000bb8       0x28 ./emlib/em_cmu.o
 .text.CMU_DivToLog2
                0x00000be0       0x30 ./emlib/em_cmu.o
 .text.SYSTEM_GetProdRev
                0x00000c10       0x18 ./emlib/em_cmu.o
 .text.SYSTEM_GetFamily
                0x00000c28       0x18 ./emlib/em_cmu.o
 .text.maxFreqHfle
                0x00000c40       0x7c ./emlib/em_cmu.o
 .text.setHfLeConfig
                0x00000cbc       0x64 ./emlib/em_cmu.o
 .text.getHfLeConfig
                0x00000d20       0x20 ./emlib/em_cmu.o
 .text.auxClkGet
                0x00000d40       0xb0 ./emlib/em_cmu.o
 .text.dbgClkGet
                0x00000df0       0x40 ./emlib/em_cmu.o
 .text.flashWaitStateControl
                0x00000e30       0x98 ./emlib/em_cmu.o
 .text.flashWaitStateMax
                0x00000ec8       0x44 ./emlib/em_cmu.o
 .text.CMU_UpdateWaitStates
                0x00000f0c       0x40 ./emlib/em_cmu.o
                0x00000f0c                CMU_UpdateWaitStates
 .text.lfClkGet
                0x00000f4c       0xec ./emlib/em_cmu.o
 .text.syncReg  0x00001038       0x34 ./emlib/em_cmu.o
 .text.usbCClkGet
                0x0000106c       0x4c ./emlib/em_cmu.o
 .text.hfperClkSafePrescaler
                0x000010b8        0xc ./emlib/em_cmu.o
 .text.hfperClkOptimizedPrescaler
                0x000010c4        0xc ./emlib/em_cmu.o
 .text.CMU_ClockDivSet
                0x000010d0      0x22c ./emlib/em_cmu.o
                0x000010d0                CMU_ClockDivSet
 .text.CMU_ClockEnable
                0x000012fc       0xd0 ./emlib/em_cmu.o
                0x000012fc                CMU_ClockEnable
 .text.CMU_ClockFreqGet
                0x000013cc      0x1d8 ./emlib/em_cmu.o
                0x000013cc                CMU_ClockFreqGet
 .text.CMU_ClockSelectGet
                0x000015a4      0x15c ./emlib/em_cmu.o
                0x000015a4                CMU_ClockSelectGet
 .text.CMU_ClockSelectSet
                0x00001700      0x2a4 ./emlib/em_cmu.o
                0x00001700                CMU_ClockSelectSet
 .text.CMU_LCDClkFDIVSet
                0x000019a4       0x3c ./emlib/em_cmu.o
                0x000019a4                CMU_LCDClkFDIVSet
 .text.CMU_OscillatorEnable
                0x000019e0       0xbc ./emlib/em_cmu.o
                0x000019e0                CMU_OscillatorEnable
 .text.CORE_EnterCritical
                0x00001a9c       0x1e ./emlib/em_core.o
                0x00001a9c                CORE_EnterCritical
 .text.CORE_ExitCritical
                0x00001aba       0x1a ./emlib/em_core.o
                0x00001aba                CORE_ExitCritical
 .text.BUS_RegBitWrite
                0x00001ad4       0x2c ./emlib/em_gpio.o
 .text.BUS_RegMaskedWrite
                0x00001b00       0x28 ./emlib/em_gpio.o
 .text.GPIO_IntClear
                0x00001b28       0x20 ./emlib/em_gpio.o
 .text.GPIO_PinOutClear
                0x00001b48       0x58 ./emlib/em_gpio.o
 .text.GPIO_PinOutSet
                0x00001ba0       0x58 ./emlib/em_gpio.o
 .text.GPIO_ExtIntConfig
                0x00001bf8       0xd4 ./emlib/em_gpio.o
                0x00001bf8                GPIO_ExtIntConfig
 .text.GPIO_PinModeSet
                0x00001ccc      0x118 ./emlib/em_gpio.o
                0x00001ccc                GPIO_PinModeSet
 .text.LCD_Enable
                0x00001de4       0x38 ./emlib/em_lcd.o
 .text.BUS_RegBitWrite
                0x00001e1c       0x2c ./emlib/em_lcd.o
 .text.LCD_Init
                0x00001e48       0x78 ./emlib/em_lcd.o
                0x00001e48                LCD_Init
 .text.LCD_VLCDSelect
                0x00001ec0       0x44 ./emlib/em_lcd.o
                0x00001ec0                LCD_VLCDSelect
 .text.LCD_SegmentRangeEnable
                0x00001f04       0x40 ./emlib/em_lcd.o
                0x00001f04                LCD_SegmentRangeEnable
 .text.LCD_SegmentSet
                0x00001f44      0x1c8 ./emlib/em_lcd.o
                0x00001f44                LCD_SegmentSet
 .text.LCD_SegmentSetLow
                0x0000210c      0x17c ./emlib/em_lcd.o
                0x0000210c                LCD_SegmentSetLow
 .text.LCD_SegmentSetHigh
                0x00002288      0x17c ./emlib/em_lcd.o
                0x00002288                LCD_SegmentSetHigh
 .text.LCD_VBoostSet
                0x00002404       0x28 ./emlib/em_lcd.o
                0x00002404                LCD_VBoostSet
 .text.BUS_RegBitWrite
                0x0000242c       0x2c ./emlib/em_rtc.o
 .text.RTC_CompareSet
                0x00002458       0x38 ./emlib/em_rtc.o
                0x00002458                RTC_CompareSet
 .text.RTC_Enable
                0x00002490       0x24 ./emlib/em_rtc.o
                0x00002490                RTC_Enable
 .text.RTC_Init
                0x000024b4       0x50 ./emlib/em_rtc.o
                0x000024b4                RTC_Init
 .text.SYSTEM_ChipRevisionGet
                0x00002504       0x78 ./emlib/em_system.o
                0x00002504                SYSTEM_ChipRevisionGet
 .text.TIMER_Valid
                0x0000257c       0x50 ./emlib/em_timer.o
 .text.TIMER_Init
                0x000025cc       0xe8 ./emlib/em_timer.o
                0x000025cc                TIMER_Init
 .text.prsRxInput
                0x000026b4       0x24 ./emlib/em_usart.o
 .text.USART_BaudrateAsyncSet
                0x000026d8       0xb0 ./emlib/em_usart.o
                0x000026d8                USART_BaudrateAsyncSet
 .text.USART_InitAsync
                0x00002788       0xc4 ./emlib/em_usart.o
                0x00002788                USART_InitAsync
 .text.USART_Reset
                0x0000284c       0xb0 ./emlib/em_usart.o
                0x0000284c                USART_Reset
 .text.USART_Tx
                0x000028fc       0x2a ./emlib/em_usart.o
                0x000028fc                USART_Tx
 *fill*         0x00002926        0x2 
 .text.__NVIC_EnableIRQ
                0x00002928       0x38 ./src/init.o
 .text.__NVIC_ClearPendingIRQ
                0x00002960       0x3c ./src/init.o
 .text.BUS_RegBitRead
                0x0000299c       0x28 ./src/init.o
 .text.GPIO_IntClear
                0x000029c4       0x20 ./src/init.o
 .text.GPIO_IntDisable
                0x000029e4       0x28 ./src/init.o
 .text.GPIO_IntEnable
                0x00002a0c       0x28 ./src/init.o
 .text.GPIO_PinInGet
                0x00002a34       0x54 ./src/init.o
 .text.GPIO_IntConfig
                0x00002a88       0x36 ./src/init.o
 *fill*         0x00002abe        0x2 
 .text.RTC_IntClear
                0x00002ac0       0x1c ./src/init.o
 .text.RTC_IntEnable
                0x00002adc       0x24 ./src/init.o
 .text.TIMER_MaxCount
                0x00002b00       0x16 ./src/init.o
 .text.TIMER_CounterSet
                0x00002b16       0x1e ./src/init.o
 .text.TIMER_IntClear
                0x00002b34       0x1a ./src/init.o
 .text.TIMER_IntDisable
                0x00002b4e       0x22 ./src/init.o
 .text.TIMER_IntEnable
                0x00002b70       0x20 ./src/init.o
 .text.TIMER_TopSet
                0x00002b90       0x1e ./src/init.o
 .text.USART_IntClear
                0x00002bae       0x1a ./src/init.o
 .text.USART_IntEnable
                0x00002bc8       0x20 ./src/init.o
 .text.USART_RxDataGet
                0x00002be8       0x18 ./src/init.o
 .text.cmuSetup
                0x00002c00       0x6c ./src/init.o
                0x00002c00                cmuSetup
 .text.rtcSetup
                0x00002c6c       0x60 ./src/init.o
                0x00002c6c                rtcSetup
 .text.gpioSetup
                0x00002ccc       0x6c ./src/init.o
                0x00002ccc                gpioSetup
 .text.timer0Setup
                0x00002d38       0x58 ./src/init.o
                0x00002d38                timer0Setup
 .text.timer1Setup
                0x00002d90       0x58 ./src/init.o
                0x00002d90                timer1Setup
 .text.uartSetup
                0x00002de8       0xb4 ./src/init.o
                0x00002de8                uartSetup
 .text.GPIO_ODD_IRQHandler
                0x00002e9c       0x30 ./src/init.o
                0x00002e9c                GPIO_ODD_IRQHandler
 .text.GPIO_EVEN_IRQHandler
                0x00002ecc       0x30 ./src/init.o
                0x00002ecc                GPIO_EVEN_IRQHandler
 .text.RTC_IRQHandler
                0x00002efc       0x80 ./src/init.o
                0x00002efc                RTC_IRQHandler
 .text.TIMER0_IRQHandler
                0x00002f7c       0x34 ./src/init.o
                0x00002f7c                TIMER0_IRQHandler
 .text.TIMER1_IRQHandler
                0x00002fb0       0x20 ./src/init.o
                0x00002fb0                TIMER1_IRQHandler
 .text.UART0_RX_IRQHandler
                0x00002fd0       0xb0 ./src/init.o
                0x00002fd0                UART0_RX_IRQHandler
 .text.parancs_kod
                0x00003080       0xa0 ./src/init.o
                0x00003080                parancs_kod
 .text.ora_beallitas
                0x00003120       0x98 ./src/init.o
                0x00003120                ora_beallitas
 .text.riasztasi_ido_beallitas
                0x000031b8       0xa8 ./src/init.o
                0x000031b8                riasztasi_ido_beallitas
 .text.ebresztes_beallitas
                0x00003260       0x74 ./src/init.o
                0x00003260                ebresztes_beallitas
 .text.szundi   0x000032d4       0x6c ./src/init.o
                0x000032d4                szundi
 .text.Loop     0x00003340      0x40c ./src/init.o
                0x00003340                Loop
 .text.SystemCoreClockUpdate
                0x0000374c        0xc ./src/main.o
 .text.SYSTEM_GetProdRev
                0x00003758       0x18 ./src/main.o
 .text.CHIP_Init
                0x00003770       0x48 ./src/main.o
 .text.main     0x000037b8       0x38 ./src/main.o
                0x000037b8                main
 .text.re_matchp
                0x000037f0       0x78 ./src/re.o
                0x000037f0                re_matchp
 .text.re_compile
                0x00003868      0x3e8 ./src/re.o
                0x00003868                re_compile
 .text.matchdigit
                0x00003c50       0x26 ./src/re.o
 .text.matchalpha
                0x00003c76       0x32 ./src/re.o
 .text.matchwhitespace
                0x00003ca8       0x3e ./src/re.o
 .text.matchalphanum
                0x00003ce6       0x3a ./src/re.o
 .text.matchrange
                0x00003d20       0x66 ./src/re.o
 .text.ismetachar
                0x00003d86       0x3e ./src/re.o
 .text.matchmetachar
                0x00003dc4      0x170 ./src/re.o
 .text.matchcharclass
                0x00003f34       0xa4 ./src/re.o
 .text.matchone
                0x00003fd8      0x108 ./src/re.o
 .text.matchstar
                0x000040e0       0x52 ./src/re.o
 .text.matchplus
                0x00004132       0x54 ./src/re.o
 .text.matchquestion
                0x00004186       0x68 ./src/re.o
 .text.matchpattern
                0x000041ee       0xbe ./src/re.o
 .text.abs      0x000042ac        0x8 c:/siliconlabs/simplicitystudio/v4/developer/toolchains/gnu_arm/7.2_2017q4/bin/../lib/gcc/arm-none-eabi/7.2.1/../../../../arm-none-eabi/lib/thumb/v7-m\libc_nano.a(lib_a-abs.o)
                0x000042ac                abs
 .text.atoi     0x000042b4        0x8 c:/siliconlabs/simplicitystudio/v4/developer/toolchains/gnu_arm/7.2_2017q4/bin/../lib/gcc/arm-none-eabi/7.2.1/../../../../arm-none-eabi/lib/thumb/v7-m\libc_nano.a(lib_a-atoi.o)
                0x000042b4                atoi
 .text.exit     0x000042bc       0x28 c:/siliconlabs/simplicitystudio/v4/developer/toolchains/gnu_arm/7.2_2017q4/bin/../lib/gcc/arm-none-eabi/7.2.1/../../../../arm-none-eabi/lib/thumb/v7-m\libc_nano.a(lib_a-exit.o)
                0x000042bc                exit
 .text.__libc_init_array
                0x000042e4       0x48 c:/siliconlabs/simplicitystudio/v4/developer/toolchains/gnu_arm/7.2_2017q4/bin/../lib/gcc/arm-none-eabi/7.2.1/../../../../arm-none-eabi/lib/thumb/v7-m\libc_nano.a(lib_a-init.o)
                0x000042e4                __libc_init_array
 .text.memcpy   0x0000432c       0x16 c:/siliconlabs/simplicitystudio/v4/developer/toolchains/gnu_arm/7.2_2017q4/bin/../lib/gcc/arm-none-eabi/7.2.1/../../../../arm-none-eabi/lib/thumb/v7-m\libc_nano.a(lib_a-memcpy-stub.o)
                0x0000432c                memcpy
 .text.memset   0x00004342       0x10 c:/siliconlabs/simplicitystudio/v4/developer/toolchains/gnu_arm/7.2_2017q4/bin/../lib/gcc/arm-none-eabi/7.2.1/../../../../arm-none-eabi/lib/thumb/v7-m\libc_nano.a(lib_a-memset.o)
                0x00004342                memset
 *fill*         0x00004352        0x2 
 .text.sprintf  0x00004354       0x40 c:/siliconlabs/simplicitystudio/v4/developer/toolchains/gnu_arm/7.2_2017q4/bin/../lib/gcc/arm-none-eabi/7.2.1/../../../../arm-none-eabi/lib/thumb/v7-m\libc_nano.a(lib_a-sprintf.o)
                0x00004354                siprintf
                0x00004354                sprintf
 .text.strchr   0x00004394       0x1a c:/siliconlabs/simplicitystudio/v4/developer/toolchains/gnu_arm/7.2_2017q4/bin/../lib/gcc/arm-none-eabi/7.2.1/../../../../arm-none-eabi/lib/thumb/v7-m\libc_nano.a(lib_a-strchr.o)
                0x00004394                strchr
 .text          0x000043ae       0x14 c:/siliconlabs/simplicitystudio/v4/developer/toolchains/gnu_arm/7.2_2017q4/bin/../lib/gcc/arm-none-eabi/7.2.1/../../../../arm-none-eabi/lib/thumb/v7-m\libc_nano.a(lib_a-strcmp.o)
                0x000043ae                strcmp
 .text          0x000043c2       0x10 c:/siliconlabs/simplicitystudio/v4/developer/toolchains/gnu_arm/7.2_2017q4/bin/../lib/gcc/arm-none-eabi/7.2.1/../../../../arm-none-eabi/lib/thumb/v7-m\libc_nano.a(lib_a-strlen.o)
                0x000043c2                strlen
 .text._strtol_l.isra.0
                0x000043d2       0xf6 c:/siliconlabs/simplicitystudio/v4/developer/toolchains/gnu_arm/7.2_2017q4/bin/../lib/gcc/arm-none-eabi/7.2.1/../../../../arm-none-eabi/lib/thumb/v7-m\libc_nano.a(lib_a-strtol.o)
 .text.strtol   0x000044c8       0x2c c:/siliconlabs/simplicitystudio/v4/developer/toolchains/gnu_arm/7.2_2017q4/bin/../lib/gcc/arm-none-eabi/7.2.1/../../../../arm-none-eabi/lib/thumb/v7-m\libc_nano.a(lib_a-strtol.o)
                0x000044c8                strtol
 .text.__locale_ctype_ptr_l
                0x000044f4        0x6 c:/siliconlabs/simplicitystudio/v4/developer/toolchains/gnu_arm/7.2_2017q4/bin/../lib/gcc/arm-none-eabi/7.2.1/../../../../arm-none-eabi/lib/thumb/v7-m\libc_nano.a(lib_a-locale.o)
                0x000044f4                __locale_ctype_ptr_l
 .text.__ascii_mbtowc
                0x000044fa       0x24 c:/siliconlabs/simplicitystudio/v4/developer/toolchains/gnu_arm/7.2_2017q4/bin/../lib/gcc/arm-none-eabi/7.2.1/../../../../arm-none-eabi/lib/thumb/v7-m\libc_nano.a(lib_a-mbtowc_r.o)
                0x000044fa                __ascii_mbtowc
 *fill*         0x0000451e        0x2 
 .text._malloc_r
                0x00004520       0xb4 c:/siliconlabs/simplicitystudio/v4/developer/toolchains/gnu_arm/7.2_2017q4/bin/../lib/gcc/arm-none-eabi/7.2.1/../../../../arm-none-eabi/lib/thumb/v7-m\libc_nano.a(lib_a-nano-mallocr.o)
                0x00004520                _malloc_r
 .text.__ssputs_r
                0x000045d4       0xb4 c:/siliconlabs/simplicitystudio/v4/developer/toolchains/gnu_arm/7.2_2017q4/bin/../lib/gcc/arm-none-eabi/7.2.1/../../../../arm-none-eabi/lib/thumb/v7-m\libc_nano.a(lib_a-nano-svfprintf.o)
                0x000045d4                __ssputs_r
 .text._svfprintf_r
                0x00004688      0x1ec c:/siliconlabs/simplicitystudio/v4/developer/toolchains/gnu_arm/7.2_2017q4/bin/../lib/gcc/arm-none-eabi/7.2.1/../../../../arm-none-eabi/lib/thumb/v7-m\libc_nano.a(lib_a-nano-svfprintf.o)
                0x00004688                _svfiprintf_r
                0x00004688                _svfprintf_r
 .text._printf_common
                0x00004874       0xec c:/siliconlabs/simplicitystudio/v4/developer/toolchains/gnu_arm/7.2_2017q4/bin/../lib/gcc/arm-none-eabi/7.2.1/../../../../arm-none-eabi/lib/thumb/v7-m\libc_nano.a(lib_a-nano-vfprintf_i.o)
                0x00004874                _printf_common
 .text._printf_i
                0x00004960      0x224 c:/siliconlabs/simplicitystudio/v4/developer/toolchains/gnu_arm/7.2_2017q4/bin/../lib/gcc/arm-none-eabi/7.2.1/../../../../arm-none-eabi/lib/thumb/v7-m\libc_nano.a(lib_a-nano-vfprintf_i.o)
                0x00004960                _printf_i
 .text._sbrk_r  0x00004b84       0x20 c:/siliconlabs/simplicitystudio/v4/developer/toolchains/gnu_arm/7.2_2017q4/bin/../lib/gcc/arm-none-eabi/7.2.1/../../../../arm-none-eabi/lib/thumb/v7-m\libc_nano.a(lib_a-sbrkr.o)
                0x00004b84                _sbrk_r
 .text.__ascii_wctomb
                0x00004ba4       0x1a c:/siliconlabs/simplicitystudio/v4/developer/toolchains/gnu_arm/7.2_2017q4/bin/../lib/gcc/arm-none-eabi/7.2.1/../../../../arm-none-eabi/lib/thumb/v7-m\libc_nano.a(lib_a-wctomb_r.o)
                0x00004ba4                __ascii_wctomb
 .text.memchr   0x00004bbe       0x1c c:/siliconlabs/simplicitystudio/v4/developer/toolchains/gnu_arm/7.2_2017q4/bin/../lib/gcc/arm-none-eabi/7.2.1/../../../../arm-none-eabi/lib/thumb/v7-m\libc_nano.a(lib_a-memchr-stub.o)
                0x00004bbe                memchr
 .text.memmove  0x00004bda       0x32 c:/siliconlabs/simplicitystudio/v4/developer/toolchains/gnu_arm/7.2_2017q4/bin/../lib/gcc/arm-none-eabi/7.2.1/../../../../arm-none-eabi/lib/thumb/v7-m\libc_nano.a(lib_a-memmove.o)
                0x00004bda                memmove
 .text.__malloc_lock
                0x00004c0c        0x2 c:/siliconlabs/simplicitystudio/v4/developer/toolchains/gnu_arm/7.2_2017q4/bin/../lib/gcc/arm-none-eabi/7.2.1/../../../../arm-none-eabi/lib/thumb/v7-m\libc_nano.a(lib_a-mlock.o)
                0x00004c0c                __malloc_lock
 .text.__malloc_unlock
                0x00004c0e        0x2 c:/siliconlabs/simplicitystudio/v4/developer/toolchains/gnu_arm/7.2_2017q4/bin/../lib/gcc/arm-none-eabi/7.2.1/../../../../arm-none-eabi/lib/thumb/v7-m\libc_nano.a(lib_a-mlock.o)
                0x00004c0e                __malloc_unlock
 .text._free_r  0x00004c10       0x98 c:/siliconlabs/simplicitystudio/v4/developer/toolchains/gnu_arm/7.2_2017q4/bin/../lib/gcc/arm-none-eabi/7.2.1/../../../../arm-none-eabi/lib/thumb/v7-m\libc_nano.a(lib_a-nano-freer.o)
                0x00004c10                _free_r
 .text._realloc_r
                0x00004ca8       0x4c c:/siliconlabs/simplicitystudio/v4/developer/toolchains/gnu_arm/7.2_2017q4/bin/../lib/gcc/arm-none-eabi/7.2.1/../../../../arm-none-eabi/lib/thumb/v7-m\libc_nano.a(lib_a-nano-reallocr.o)
                0x00004ca8                _realloc_r
 .text._malloc_usable_size_r
                0x00004cf4       0x10 c:/siliconlabs/simplicitystudio/v4/developer/toolchains/gnu_arm/7.2_2017q4/bin/../lib/gcc/arm-none-eabi/7.2.1/../../../../arm-none-eabi/lib/thumb/v7-m\libc_nano.a(lib_a-nano-msizer.o)
                0x00004cf4                _malloc_usable_size_r
 .text._sbrk    0x00004d04       0x1c c:/siliconlabs/simplicitystudio/v4/developer/toolchains/gnu_arm/7.2_2017q4/bin/../lib/gcc/arm-none-eabi/7.2.1/../../../../arm-none-eabi/lib/thumb/v7-m\libnosys.a(sbrk.o)
                0x00004d04                _sbrk
 .text._exit    0x00004d20        0x4 c:/siliconlabs/simplicitystudio/v4/developer/toolchains/gnu_arm/7.2_2017q4/bin/../lib/gcc/arm-none-eabi/7.2.1/../../../../arm-none-eabi/lib/thumb/v7-m\libnosys.a(_exit.o)
                0x00004d20                _exit
 *(.init)
 .init          0x00004d24        0x4 c:/siliconlabs/simplicitystudio/v4/developer/toolchains/gnu_arm/7.2_2017q4/bin/../lib/gcc/arm-none-eabi/7.2.1/thumb/v7-m/crti.o
                0x00004d24                _init
 .init          0x00004d28        0x8 c:/siliconlabs/simplicitystudio/v4/developer/toolchains/gnu_arm/7.2_2017q4/bin/../lib/gcc/arm-none-eabi/7.2.1/thumb/v7-m/crtn.o
 *(.fini)
 .fini          0x00004d30        0x4 c:/siliconlabs/simplicitystudio/v4/developer/toolchains/gnu_arm/7.2_2017q4/bin/../lib/gcc/arm-none-eabi/7.2.1/thumb/v7-m/crti.o
                0x00004d30                _fini
 .fini          0x00004d34        0x8 c:/siliconlabs/simplicitystudio/v4/developer/toolchains/gnu_arm/7.2_2017q4/bin/../lib/gcc/arm-none-eabi/7.2.1/thumb/v7-m/crtn.o
 *crtbegin.o(.ctors)
 *crtbegin?.o(.ctors)
 *(EXCLUDE_FILE(*crtend.o *crtend?.o) .ctors)
 *(SORT_BY_NAME(.ctors.*))
 *(.ctors)
 *crtbegin.o(.dtors)
 *crtbegin?.o(.dtors)
 *(EXCLUDE_FILE(*crtend.o *crtend?.o) .dtors)
 *(SORT_BY_NAME(.dtors.*))
 *(.dtors)
 *(.rodata*)
 .rodata.ledArray
                0x00004d3c       0x10 ./BSP/bsp_stk_leds.o
 .rodata.EFM_Display
                0x00004d4c      0x1fe ./Drivers/segmentlcd.o
 *fill*         0x00004f4a        0x2 
 .rodata.Segment_Alphabet
                0x00004f4c       0xb8 ./Drivers/segmentlcd.o
 .rodata.Segment_Numbers
                0x00005004       0x22 ./Drivers/segmentlcd.o
 *fill*         0x00005026        0x2 
 .rodata.lcdInit
                0x00005028       0x14 ./Drivers/segmentlcd.o
 .rodata.hiba_uzenet
                0x0000503c        0x9 ./src/init.o
                0x0000503c                hiba_uzenet
 *fill*         0x00005045        0x3 
 .rodata        0x00005048       0x89 ./src/init.o
 *fill*         0x000050d1        0x3 
 .rodata._global_impure_ptr
                0x000050d4        0x4 c:/siliconlabs/simplicitystudio/v4/developer/toolchains/gnu_arm/7.2_2017q4/bin/../lib/gcc/arm-none-eabi/7.2.1/../../../../arm-none-eabi/lib/thumb/v7-m\libc_nano.a(lib_a-impure.o)
                0x000050d4                _global_impure_ptr
 .rodata.__sf_fake_stderr
                0x000050d8       0x20 c:/siliconlabs/simplicitystudio/v4/developer/toolchains/gnu_arm/7.2_2017q4/bin/../lib/gcc/arm-none-eabi/7.2.1/../../../../arm-none-eabi/lib/thumb/v7-m\libc_nano.a(lib_a-findfp.o)
                0x000050d8                __sf_fake_stderr
 .rodata.__sf_fake_stdin
                0x000050f8       0x20 c:/siliconlabs/simplicitystudio/v4/developer/toolchains/gnu_arm/7.2_2017q4/bin/../lib/gcc/arm-none-eabi/7.2.1/../../../../arm-none-eabi/lib/thumb/v7-m\libc_nano.a(lib_a-findfp.o)
                0x000050f8                __sf_fake_stdin
 .rodata.__sf_fake_stdout
                0x00005118       0x20 c:/siliconlabs/simplicitystudio/v4/developer/toolchains/gnu_arm/7.2_2017q4/bin/../lib/gcc/arm-none-eabi/7.2.1/../../../../arm-none-eabi/lib/thumb/v7-m\libc_nano.a(lib_a-findfp.o)
                0x00005118                __sf_fake_stdout
 .rodata._setlocale_r.str1.1
                0x00005138        0x8 c:/siliconlabs/simplicitystudio/v4/developer/toolchains/gnu_arm/7.2_2017q4/bin/../lib/gcc/arm-none-eabi/7.2.1/../../../../arm-none-eabi/lib/thumb/v7-m\libc_nano.a(lib_a-locale.o)
                                  0x9 (size before relaxing)
 .rodata.str1.1
                0x00005140        0x2 c:/siliconlabs/simplicitystudio/v4/developer/toolchains/gnu_arm/7.2_2017q4/bin/../lib/gcc/arm-none-eabi/7.2.1/../../../../arm-none-eabi/lib/thumb/v7-m\libc_nano.a(lib_a-locale.o)
 .rodata._svfprintf_r.str1.1
                0x00005142       0x11 c:/siliconlabs/simplicitystudio/v4/developer/toolchains/gnu_arm/7.2_2017q4/bin/../lib/gcc/arm-none-eabi/7.2.1/../../../../arm-none-eabi/lib/thumb/v7-m\libc_nano.a(lib_a-nano-svfprintf.o)
 .rodata._printf_i.str1.1
                0x00005153       0x22 c:/siliconlabs/simplicitystudio/v4/developer/toolchains/gnu_arm/7.2_2017q4/bin/../lib/gcc/arm-none-eabi/7.2.1/../../../../arm-none-eabi/lib/thumb/v7-m\libc_nano.a(lib_a-nano-vfprintf_i.o)
 .rodata._ctype_
                0x00005175      0x101 c:/siliconlabs/simplicitystudio/v4/developer/toolchains/gnu_arm/7.2_2017q4/bin/../lib/gcc/arm-none-eabi/7.2.1/../../../../arm-none-eabi/lib/thumb/v7-m\libc_nano.a(lib_a-ctype_.o)
                0x00005175                _ctype_
 *(.eh_frame*)
 *fill*         0x00005276        0x2 
 .eh_frame      0x00005278        0x0 c:/siliconlabs/simplicitystudio/v4/developer/toolchains/gnu_arm/7.2_2017q4/bin/../lib/gcc/arm-none-eabi/7.2.1/thumb/v7-m/crtbegin.o
 .eh_frame      0x00005278        0x4 c:/siliconlabs/simplicitystudio/v4/developer/toolchains/gnu_arm/7.2_2017q4/bin/../lib/gcc/arm-none-eabi/7.2.1/thumb/v7-m/crtend.o

.glue_7         0x0000527c        0x0
 .glue_7        0x0000527c        0x0 linker stubs

.glue_7t        0x0000527c        0x0
 .glue_7t       0x0000527c        0x0 linker stubs

.vfp11_veneer   0x0000527c        0x0
 .vfp11_veneer  0x0000527c        0x0 linker stubs

.v4_bx          0x0000527c        0x0
 .v4_bx         0x0000527c        0x0 linker stubs

.iplt           0x0000527c        0x0
 .iplt          0x0000527c        0x0 c:/siliconlabs/simplicitystudio/v4/developer/toolchains/gnu_arm/7.2_2017q4/bin/../lib/gcc/arm-none-eabi/7.2.1/thumb/v7-m/crtbegin.o

.ARM.extab
 *(.ARM.extab* .gnu.linkonce.armextab.*)
                0x0000527c                __exidx_start = .

.ARM.exidx      0x0000527c        0x8
 *(.ARM.exidx* .gnu.linkonce.armexidx.*)
 .ARM.exidx     0x0000527c        0x8 c:/siliconlabs/simplicitystudio/v4/developer/toolchains/gnu_arm/7.2_2017q4/bin/../lib/gcc/arm-none-eabi/7.2.1/../../../../arm-none-eabi/lib/thumb/v7-m/crt0.o
                0x00005284                __exidx_end = .
                0x00005284                __etext = .

.rel.dyn        0x00005284        0x0
 .rel.iplt      0x00005284        0x0 c:/siliconlabs/simplicitystudio/v4/developer/toolchains/gnu_arm/7.2_2017q4/bin/../lib/gcc/arm-none-eabi/7.2.1/thumb/v7-m/crtbegin.o

.data           0x20000000      0x1e8 load address 0x00005284
                0x20000000                __data_start__ = .
 *(vtable)
 *(.data*)
 .data.SystemHFXOClock
                0x20000000        0x4 ./CMSIS/EFM32GG/system_efm32gg.o
 .data.SystemLFXOClock
                0x20000004        0x4 ./CMSIS/EFM32GG/system_efm32gg.o
 .data.SystemCoreClock
                0x20000008        0x4 ./CMSIS/EFM32GG/system_efm32gg.o
                0x20000008                SystemCoreClock
 .data.szundi_torles
                0x2000000c        0x1 ./src/init.o
                0x2000000c                szundi_torles
 *fill*         0x2000000d        0x3 
 .data._impure_ptr
                0x20000010        0x4 c:/siliconlabs/simplicitystudio/v4/developer/toolchains/gnu_arm/7.2_2017q4/bin/../lib/gcc/arm-none-eabi/7.2.1/../../../../arm-none-eabi/lib/thumb/v7-m\libc_nano.a(lib_a-impure.o)
                0x20000010                _impure_ptr
 .data.impure_data
                0x20000014       0x60 c:/siliconlabs/simplicitystudio/v4/developer/toolchains/gnu_arm/7.2_2017q4/bin/../lib/gcc/arm-none-eabi/7.2.1/../../../../arm-none-eabi/lib/thumb/v7-m\libc_nano.a(lib_a-impure.o)
 .data.__global_locale
                0x20000074      0x16c c:/siliconlabs/simplicitystudio/v4/developer/toolchains/gnu_arm/7.2_2017q4/bin/../lib/gcc/arm-none-eabi/7.2.1/../../../../arm-none-eabi/lib/thumb/v7-m\libc_nano.a(lib_a-locale.o)
                0x20000074                __global_locale
                0x200001e0                . = ALIGN (0x4)
                [!provide]                PROVIDE (__ram_func_section_start, .)
 *(.ram)
                [!provide]                PROVIDE (__ram_func_section_end, .)
                0x200001e0                . = ALIGN (0x4)
                0x200001e0                PROVIDE (__preinit_array_start, .)
 *(.preinit_array)
                0x200001e0                PROVIDE (__preinit_array_end, .)
                0x200001e0                . = ALIGN (0x4)
                0x200001e0                PROVIDE (__init_array_start, .)
 *(SORT_BY_NAME(.init_array.*))
 *(.init_array)
 .init_array    0x200001e0        0x4 c:/siliconlabs/simplicitystudio/v4/developer/toolchains/gnu_arm/7.2_2017q4/bin/../lib/gcc/arm-none-eabi/7.2.1/thumb/v7-m/crtbegin.o
                0x200001e4                PROVIDE (__init_array_end, .)
                0x200001e4                . = ALIGN (0x4)
                [!provide]                PROVIDE (__fini_array_start, .)
 *(SORT_BY_NAME(.fini_array.*))
 *(.fini_array)
 .fini_array    0x200001e4        0x4 c:/siliconlabs/simplicitystudio/v4/developer/toolchains/gnu_arm/7.2_2017q4/bin/../lib/gcc/arm-none-eabi/7.2.1/thumb/v7-m/crtbegin.o
                [!provide]                PROVIDE (__fini_array_end, .)
 *(.jcr*)
                0x200001e8                . = ALIGN (0x4)
                0x200001e8                __data_end__ = .

.igot.plt       0x200001e8        0x0 load address 0x0000546c
 .igot.plt      0x200001e8        0x0 c:/siliconlabs/simplicitystudio/v4/developer/toolchains/gnu_arm/7.2_2017q4/bin/../lib/gcc/arm-none-eabi/7.2.1/thumb/v7-m/crtbegin.o

.bss            0x200001e8      0x180 load address 0x0000546c
                0x200001e8                . = ALIGN (0x4)
                0x200001e8                __bss_start__ = .
 *(.bss*)
 .bss           0x200001e8       0x1c c:/siliconlabs/simplicitystudio/v4/developer/toolchains/gnu_arm/7.2_2017q4/bin/../lib/gcc/arm-none-eabi/7.2.1/thumb/v7-m/crtbegin.o
 .bss.ora       0x20000204        0x1 ./src/init.o
                0x20000204                ora
 .bss.perc      0x20000205        0x1 ./src/init.o
                0x20000205                perc
 .bss.masodperc
                0x20000206        0x1 ./src/init.o
                0x20000206                masodperc
 .bss.riasztas_ora
                0x20000207        0x1 ./src/init.o
                0x20000207                riasztas_ora
 .bss.riasztas_perc
                0x20000208        0x1 ./src/init.o
                0x20000208                riasztas_perc
 .bss.rtc_megszakitas
                0x20000209        0x1 ./src/init.o
                0x20000209                rtc_megszakitas
 .bss.gomb0_lefut
                0x2000020a        0x1 ./src/init.o
                0x2000020a                gomb0_lefut
 .bss.gomb1_lefut
                0x2000020b        0x1 ./src/init.o
                0x2000020b                gomb1_lefut
 .bss.riasztas  0x2000020c        0x1 ./src/init.o
                0x2000020c                riasztas
 .bss.riasztas_kikapcsolas
                0x2000020d        0x1 ./src/init.o
                0x2000020d                riasztas_kikapcsolas
 .bss.uart_megszakitas
                0x2000020e        0x1 ./src/init.o
                0x2000020e                uart_megszakitas
 .bss.uart_parancs
                0x2000020f        0x1 ./src/init.o
                0x2000020f                uart_parancs
 .bss.uart_parancs_hiba
                0x20000210        0x1 ./src/init.o
                0x20000210                uart_parancs_hiba
 *fill*         0x20000211        0x3 
 .bss.uartBuff  0x20000214       0x11 ./src/init.o
                0x20000214                uartBuff
 *fill*         0x20000225        0x3 
 .bss.parancs_Buff
                0x20000228       0x11 ./src/init.o
                0x20000228                parancs_Buff
 .bss.gecko_kikapcsolas
                0x20000239        0x1 ./src/init.o
                0x20000239                gecko_kikapcsolas
 .bss.riasztas_engedelyezes
                0x2000023a        0x1 ./src/init.o
                0x2000023a                riasztas_engedelyezes
 *fill*         0x2000023b        0x1 
 .bss.re_compiled.4476
                0x2000023c       0xf0 ./src/re.o
 .bss.ccl_buf.4477
                0x2000032c       0x28 ./src/re.o
 .bss.__malloc_free_list
                0x20000354        0x4 c:/siliconlabs/simplicitystudio/v4/developer/toolchains/gnu_arm/7.2_2017q4/bin/../lib/gcc/arm-none-eabi/7.2.1/../../../../arm-none-eabi/lib/thumb/v7-m\libc_nano.a(lib_a-nano-mallocr.o)
                0x20000354                __malloc_free_list
 .bss.__malloc_sbrk_start
                0x20000358        0x4 c:/siliconlabs/simplicitystudio/v4/developer/toolchains/gnu_arm/7.2_2017q4/bin/../lib/gcc/arm-none-eabi/7.2.1/../../../../arm-none-eabi/lib/thumb/v7-m\libc_nano.a(lib_a-nano-mallocr.o)
                0x20000358                __malloc_sbrk_start
 .bss.heap_end.4102
                0x2000035c        0x4 c:/siliconlabs/simplicitystudio/v4/developer/toolchains/gnu_arm/7.2_2017q4/bin/../lib/gcc/arm-none-eabi/7.2.1/../../../../arm-none-eabi/lib/thumb/v7-m\libnosys.a(sbrk.o)
 *(COMMON)
 COMMON         0x20000360        0x3 ./src/init.o
                0x20000360                szundi_perc
                0x20000361                szundi_ora
                0x20000362                uart_byte
 *fill*         0x20000363        0x1 
 COMMON         0x20000364        0x4 c:/siliconlabs/simplicitystudio/v4/developer/toolchains/gnu_arm/7.2_2017q4/bin/../lib/gcc/arm-none-eabi/7.2.1/../../../../arm-none-eabi/lib/thumb/v7-m\libc_nano.a(lib_a-reent.o)
                0x20000364                errno
                0x20000368                . = ALIGN (0x4)
                0x20000368                __bss_end__ = .

.heap           0x20000368      0xc00
                0x20000368                __HeapBase = .
                0x20000368                __end__ = .
                0x20000368                end = __end__
                0x20000368                _end = __end__
 *(.heap*)
 .heap          0x20000368      0xc00 ./CMSIS/EFM32GG/startup_gcc_efm32gg.o
                0x20000f68                __HeapLimit = .

.stack_dummy    0x20000368      0x400
 *(.stack*)
 .stack         0x20000368      0x400 ./CMSIS/EFM32GG/startup_gcc_efm32gg.o
                0x20020000                __StackTop = (ORIGIN (RAM) + LENGTH (RAM))
                0x2001fc00                __StackLimit = (__StackTop - SIZEOF (.stack_dummy))
                0x20020000                PROVIDE (__stack, __StackTop)
                0x00000001                ASSERT ((__StackLimit >= __HeapLimit), region RAM overflowed with stack)
                0x00000001                ASSERT ((LENGTH (FLASH) >= (__etext + SIZEOF (.data))), FLASH memory overflowed !)
OUTPUT(emptyCProject.axf elf32-littlearm)

.ARM.attributes
                0x00000000       0x29
 .ARM.attributes
                0x00000000       0x1d c:/siliconlabs/simplicitystudio/v4/developer/toolchains/gnu_arm/7.2_2017q4/bin/../lib/gcc/arm-none-eabi/7.2.1/thumb/v7-m/crti.o
 .ARM.attributes
                0x0000001d       0x2d c:/siliconlabs/simplicitystudio/v4/developer/toolchains/gnu_arm/7.2_2017q4/bin/../lib/gcc/arm-none-eabi/7.2.1/thumb/v7-m/crtbegin.o
 .ARM.attributes
                0x0000004a       0x1b c:/siliconlabs/simplicitystudio/v4/developer/toolchains/gnu_arm/7.2_2017q4/bin/../lib/gcc/arm-none-eabi/7.2.1/../../../../arm-none-eabi/lib/thumb/v7-m/crt0.o
 .ARM.attributes
                0x00000065       0x33 ./BSP/bsp_stk_leds.o
 .ARM.attributes
                0x00000098       0x1b ./CMSIS/EFM32GG/startup_gcc_efm32gg.o
 .ARM.attributes
                0x000000b3       0x33 ./CMSIS/EFM32GG/system_efm32gg.o
 .ARM.attributes
                0x000000e6       0x33 ./Drivers/segmentlcd.o
 .ARM.attributes
                0x00000119       0x33 ./emlib/em_cmu.o
 .ARM.attributes
                0x0000014c       0x33 ./emlib/em_core.o
 .ARM.attributes
                0x0000017f       0x33 ./emlib/em_gpio.o
 .ARM.attributes
                0x000001b2       0x33 ./emlib/em_lcd.o
 .ARM.attributes
                0x000001e5       0x33 ./emlib/em_rtc.o
 .ARM.attributes
                0x00000218       0x33 ./emlib/em_system.o
 .ARM.attributes
                0x0000024b       0x33 ./emlib/em_timer.o
 .ARM.attributes
                0x0000027e       0x33 ./emlib/em_usart.o
 .ARM.attributes
                0x000002b1       0x33 ./src/init.o
 .ARM.attributes
                0x000002e4       0x33 ./src/main.o
 .ARM.attributes
                0x00000317       0x33 ./src/re.o
 .ARM.attributes
                0x0000034a       0x2d c:/siliconlabs/simplicitystudio/v4/developer/toolchains/gnu_arm/7.2_2017q4/bin/../lib/gcc/arm-none-eabi/7.2.1/../../../../arm-none-eabi/lib/thumb/v7-m\libc_nano.a(lib_a-abs.o)
 .ARM.attributes
                0x00000377       0x2d c:/siliconlabs/simplicitystudio/v4/developer/toolchains/gnu_arm/7.2_2017q4/bin/../lib/gcc/arm-none-eabi/7.2.1/../../../../arm-none-eabi/lib/thumb/v7-m\libc_nano.a(lib_a-atoi.o)
 .ARM.attributes
                0x000003a4       0x2d c:/siliconlabs/simplicitystudio/v4/developer/toolchains/gnu_arm/7.2_2017q4/bin/../lib/gcc/arm-none-eabi/7.2.1/../../../../arm-none-eabi/lib/thumb/v7-m\libc_nano.a(lib_a-exit.o)
 .ARM.attributes
                0x000003d1       0x2d c:/siliconlabs/simplicitystudio/v4/developer/toolchains/gnu_arm/7.2_2017q4/bin/../lib/gcc/arm-none-eabi/7.2.1/../../../../arm-none-eabi/lib/thumb/v7-m\libc_nano.a(lib_a-impure.o)
 .ARM.attributes
                0x000003fe       0x2d c:/siliconlabs/simplicitystudio/v4/developer/toolchains/gnu_arm/7.2_2017q4/bin/../lib/gcc/arm-none-eabi/7.2.1/../../../../arm-none-eabi/lib/thumb/v7-m\libc_nano.a(lib_a-init.o)
 .ARM.attributes
                0x0000042b       0x2d c:/siliconlabs/simplicitystudio/v4/developer/toolchains/gnu_arm/7.2_2017q4/bin/../lib/gcc/arm-none-eabi/7.2.1/../../../../arm-none-eabi/lib/thumb/v7-m\libc_nano.a(lib_a-memcpy-stub.o)
 .ARM.attributes
                0x00000458       0x2d c:/siliconlabs/simplicitystudio/v4/developer/toolchains/gnu_arm/7.2_2017q4/bin/../lib/gcc/arm-none-eabi/7.2.1/../../../../arm-none-eabi/lib/thumb/v7-m\libc_nano.a(lib_a-memset.o)
 .ARM.attributes
                0x00000485       0x2d c:/siliconlabs/simplicitystudio/v4/developer/toolchains/gnu_arm/7.2_2017q4/bin/../lib/gcc/arm-none-eabi/7.2.1/../../../../arm-none-eabi/lib/thumb/v7-m\libc_nano.a(lib_a-sprintf.o)
 .ARM.attributes
                0x000004b2       0x2d c:/siliconlabs/simplicitystudio/v4/developer/toolchains/gnu_arm/7.2_2017q4/bin/../lib/gcc/arm-none-eabi/7.2.1/../../../../arm-none-eabi/lib/thumb/v7-m\libc_nano.a(lib_a-strchr.o)
 .ARM.attributes
                0x000004df       0x1b c:/siliconlabs/simplicitystudio/v4/developer/toolchains/gnu_arm/7.2_2017q4/bin/../lib/gcc/arm-none-eabi/7.2.1/../../../../arm-none-eabi/lib/thumb/v7-m\libc_nano.a(lib_a-strcmp.o)
 .ARM.attributes
                0x000004fa       0x17 c:/siliconlabs/simplicitystudio/v4/developer/toolchains/gnu_arm/7.2_2017q4/bin/../lib/gcc/arm-none-eabi/7.2.1/../../../../arm-none-eabi/lib/thumb/v7-m\libc_nano.a(lib_a-strlen.o)
 .ARM.attributes
                0x00000511       0x2d c:/siliconlabs/simplicitystudio/v4/developer/toolchains/gnu_arm/7.2_2017q4/bin/../lib/gcc/arm-none-eabi/7.2.1/../../../../arm-none-eabi/lib/thumb/v7-m\libc_nano.a(lib_a-strtol.o)
 .ARM.attributes
                0x0000053e       0x2d c:/siliconlabs/simplicitystudio/v4/developer/toolchains/gnu_arm/7.2_2017q4/bin/../lib/gcc/arm-none-eabi/7.2.1/../../../../arm-none-eabi/lib/thumb/v7-m\libc_nano.a(lib_a-findfp.o)
 .ARM.attributes
                0x0000056b       0x2d c:/siliconlabs/simplicitystudio/v4/developer/toolchains/gnu_arm/7.2_2017q4/bin/../lib/gcc/arm-none-eabi/7.2.1/../../../../arm-none-eabi/lib/thumb/v7-m\libc_nano.a(lib_a-locale.o)
 .ARM.attributes
                0x00000598       0x2d c:/siliconlabs/simplicitystudio/v4/developer/toolchains/gnu_arm/7.2_2017q4/bin/../lib/gcc/arm-none-eabi/7.2.1/../../../../arm-none-eabi/lib/thumb/v7-m\libc_nano.a(lib_a-mbtowc_r.o)
 .ARM.attributes
                0x000005c5       0x2d c:/siliconlabs/simplicitystudio/v4/developer/toolchains/gnu_arm/7.2_2017q4/bin/../lib/gcc/arm-none-eabi/7.2.1/../../../../arm-none-eabi/lib/thumb/v7-m\libc_nano.a(lib_a-nano-mallocr.o)
 .ARM.attributes
                0x000005f2       0x2d c:/siliconlabs/simplicitystudio/v4/developer/toolchains/gnu_arm/7.2_2017q4/bin/../lib/gcc/arm-none-eabi/7.2.1/../../../../arm-none-eabi/lib/thumb/v7-m\libc_nano.a(lib_a-nano-svfprintf.o)
 .ARM.attributes
                0x0000061f       0x2d c:/siliconlabs/simplicitystudio/v4/developer/toolchains/gnu_arm/7.2_2017q4/bin/../lib/gcc/arm-none-eabi/7.2.1/../../../../arm-none-eabi/lib/thumb/v7-m\libc_nano.a(lib_a-nano-vfprintf_i.o)
 .ARM.attributes
                0x0000064c       0x2d c:/siliconlabs/simplicitystudio/v4/developer/toolchains/gnu_arm/7.2_2017q4/bin/../lib/gcc/arm-none-eabi/7.2.1/../../../../arm-none-eabi/lib/thumb/v7-m\libc_nano.a(lib_a-sbrkr.o)
 .ARM.attributes
                0x00000679       0x2d c:/siliconlabs/simplicitystudio/v4/developer/toolchains/gnu_arm/7.2_2017q4/bin/../lib/gcc/arm-none-eabi/7.2.1/../../../../arm-none-eabi/lib/thumb/v7-m\libc_nano.a(lib_a-wctomb_r.o)
 .ARM.attributes
                0x000006a6       0x2d c:/siliconlabs/simplicitystudio/v4/developer/toolchains/gnu_arm/7.2_2017q4/bin/../lib/gcc/arm-none-eabi/7.2.1/../../../../arm-none-eabi/lib/thumb/v7-m\libc_nano.a(lib_a-ctype_.o)
 .ARM.attributes
                0x000006d3       0x2d c:/siliconlabs/simplicitystudio/v4/developer/toolchains/gnu_arm/7.2_2017q4/bin/../lib/gcc/arm-none-eabi/7.2.1/../../../../arm-none-eabi/lib/thumb/v7-m\libc_nano.a(lib_a-memchr-stub.o)
 .ARM.attributes
                0x00000700       0x2d c:/siliconlabs/simplicitystudio/v4/developer/toolchains/gnu_arm/7.2_2017q4/bin/../lib/gcc/arm-none-eabi/7.2.1/../../../../arm-none-eabi/lib/thumb/v7-m\libc_nano.a(lib_a-memmove.o)
 .ARM.attributes
                0x0000072d       0x2d c:/siliconlabs/simplicitystudio/v4/developer/toolchains/gnu_arm/7.2_2017q4/bin/../lib/gcc/arm-none-eabi/7.2.1/../../../../arm-none-eabi/lib/thumb/v7-m\libc_nano.a(lib_a-mlock.o)
 .ARM.attributes
                0x0000075a       0x2d c:/siliconlabs/simplicitystudio/v4/developer/toolchains/gnu_arm/7.2_2017q4/bin/../lib/gcc/arm-none-eabi/7.2.1/../../../../arm-none-eabi/lib/thumb/v7-m\libc_nano.a(lib_a-nano-freer.o)
 .ARM.attributes
                0x00000787       0x2d c:/siliconlabs/simplicitystudio/v4/developer/toolchains/gnu_arm/7.2_2017q4/bin/../lib/gcc/arm-none-eabi/7.2.1/../../../../arm-none-eabi/lib/thumb/v7-m\libc_nano.a(lib_a-nano-reallocr.o)
 .ARM.attributes
                0x000007b4       0x2d c:/siliconlabs/simplicitystudio/v4/developer/toolchains/gnu_arm/7.2_2017q4/bin/../lib/gcc/arm-none-eabi/7.2.1/../../../../arm-none-eabi/lib/thumb/v7-m\libc_nano.a(lib_a-reent.o)
 .ARM.attributes
                0x000007e1       0x2d c:/siliconlabs/simplicitystudio/v4/developer/toolchains/gnu_arm/7.2_2017q4/bin/../lib/gcc/arm-none-eabi/7.2.1/../../../../arm-none-eabi/lib/thumb/v7-m\libc_nano.a(lib_a-nano-msizer.o)
 .ARM.attributes
                0x0000080e       0x2d c:/siliconlabs/simplicitystudio/v4/developer/toolchains/gnu_arm/7.2_2017q4/bin/../lib/gcc/arm-none-eabi/7.2.1/../../../../arm-none-eabi/lib/thumb/v7-m\libnosys.a(sbrk.o)
 .ARM.attributes
                0x0000083b       0x2d c:/siliconlabs/simplicitystudio/v4/developer/toolchains/gnu_arm/7.2_2017q4/bin/../lib/gcc/arm-none-eabi/7.2.1/../../../../arm-none-eabi/lib/thumb/v7-m\libnosys.a(_exit.o)
 .ARM.attributes
                0x00000868       0x2d c:/siliconlabs/simplicitystudio/v4/developer/toolchains/gnu_arm/7.2_2017q4/bin/../lib/gcc/arm-none-eabi/7.2.1/thumb/v7-m/crtend.o
 .ARM.attributes
                0x00000895       0x1d c:/siliconlabs/simplicitystudio/v4/developer/toolchains/gnu_arm/7.2_2017q4/bin/../lib/gcc/arm-none-eabi/7.2.1/thumb/v7-m/crtn.o

.comment        0x00000000       0x7e
 .comment       0x00000000       0x7e ./BSP/bsp_stk_leds.o
                                 0x7f (size before relaxing)
 .comment       0x0000007e       0x7f ./CMSIS/EFM32GG/system_efm32gg.o
 .comment       0x0000007e       0x7f ./Drivers/segmentlcd.o
 .comment       0x0000007e       0x7f ./emlib/em_cmu.o
 .comment       0x0000007e       0x7f ./emlib/em_core.o
 .comment       0x0000007e       0x7f ./emlib/em_gpio.o
 .comment       0x0000007e       0x7f ./emlib/em_lcd.o
 .comment       0x0000007e       0x7f ./emlib/em_rtc.o
 .comment       0x0000007e       0x7f ./emlib/em_system.o
 .comment       0x0000007e       0x7f ./emlib/em_timer.o
 .comment       0x0000007e       0x7f ./emlib/em_usart.o
 .comment       0x0000007e       0x7f ./src/init.o
 .comment       0x0000007e       0x7f ./src/main.o
 .comment       0x0000007e       0x7f ./src/re.o

.debug_info     0x00000000     0xb3f2
 .debug_info    0x00000000      0x7ed ./BSP/bsp_stk_leds.o
 .debug_info    0x000007ed       0x26 ./CMSIS/EFM32GG/startup_gcc_efm32gg.o
 .debug_info    0x00000813      0x75f ./CMSIS/EFM32GG/system_efm32gg.o
 .debug_info    0x00000f72     0x1bb1 ./Drivers/segmentlcd.o
 .debug_info    0x00002b23     0x15ce ./emlib/em_cmu.o
 .debug_info    0x000040f1      0xd4c ./emlib/em_core.o
 .debug_info    0x00004e3d      0x69e ./emlib/em_gpio.o
 .debug_info    0x000054db      0xab8 ./emlib/em_lcd.o
 .debug_info    0x00005f93      0x349 ./emlib/em_rtc.o
 .debug_info    0x000062dc      0x280 ./emlib/em_system.o
 .debug_info    0x0000655c      0x967 ./emlib/em_timer.o
 .debug_info    0x00006ec3      0xefa ./emlib/em_usart.o
 .debug_info    0x00007dbd     0x229a ./src/init.o
 .debug_info    0x0000a057      0x4b9 ./src/main.o
 .debug_info    0x0000a510      0xee2 ./src/re.o

.debug_abbrev   0x00000000     0x1e33
 .debug_abbrev  0x00000000      0x1a2 ./BSP/bsp_stk_leds.o
 .debug_abbrev  0x000001a2       0x14 ./CMSIS/EFM32GG/startup_gcc_efm32gg.o
 .debug_abbrev  0x000001b6      0x1b5 ./CMSIS/EFM32GG/system_efm32gg.o
 .debug_abbrev  0x0000036b      0x2b5 ./Drivers/segmentlcd.o
 .debug_abbrev  0x00000620      0x2da ./emlib/em_cmu.o
 .debug_abbrev  0x000008fa      0x269 ./emlib/em_core.o
 .debug_abbrev  0x00000b63      0x1f0 ./emlib/em_gpio.o
 .debug_abbrev  0x00000d53      0x21e ./emlib/em_lcd.o
 .debug_abbrev  0x00000f71      0x1aa ./emlib/em_rtc.o
 .debug_abbrev  0x0000111b      0x11d ./emlib/em_system.o
 .debug_abbrev  0x00001238      0x1d5 ./emlib/em_timer.o
 .debug_abbrev  0x0000140d      0x1fa ./emlib/em_usart.o
 .debug_abbrev  0x00001607      0x42e ./src/init.o
 .debug_abbrev  0x00001a35      0x16c ./src/main.o
 .debug_abbrev  0x00001ba1      0x292 ./src/re.o

.debug_loc      0x00000000     0x4dfe
 .debug_loc     0x00000000      0x3f0 ./BSP/bsp_stk_leds.o
 .debug_loc     0x000003f0      0x31c ./CMSIS/EFM32GG/system_efm32gg.o
 .debug_loc     0x0000070c      0x66a ./Drivers/segmentlcd.o
 .debug_loc     0x00000d76      0xe4c ./emlib/em_cmu.o
 .debug_loc     0x00001bc2      0x88c ./emlib/em_core.o
 .debug_loc     0x0000244e      0x420 ./emlib/em_gpio.o
 .debug_loc     0x0000286e      0x648 ./emlib/em_lcd.o
 .debug_loc     0x00002eb6      0x28c ./emlib/em_rtc.o
 .debug_loc     0x00003142       0xb8 ./emlib/em_system.o
 .debug_loc     0x000031fa      0x2b0 ./emlib/em_timer.o
 .debug_loc     0x000034aa      0x7da ./emlib/em_usart.o
 .debug_loc     0x00003c84      0xaf4 ./src/init.o
 .debug_loc     0x00004778       0xec ./src/main.o
 .debug_loc     0x00004864      0x59a ./src/re.o

.debug_aranges  0x00000000      0x918
 .debug_aranges
                0x00000000       0x78 ./BSP/bsp_stk_leds.o
 .debug_aranges
                0x00000078       0x20 ./CMSIS/EFM32GG/startup_gcc_efm32gg.o
 .debug_aranges
                0x00000098       0x70 ./CMSIS/EFM32GG/system_efm32gg.o
 .debug_aranges
                0x00000108       0xc8 ./Drivers/segmentlcd.o
 .debug_aranges
                0x000001d0      0x180 ./emlib/em_cmu.o
 .debug_aranges
                0x00000350       0xe8 ./emlib/em_core.o
 .debug_aranges
                0x00000438       0x78 ./emlib/em_gpio.o
 .debug_aranges
                0x000004b0       0xa8 ./emlib/em_lcd.o
 .debug_aranges
                0x00000558       0x58 ./emlib/em_rtc.o
 .debug_aranges
                0x000005b0       0x28 ./emlib/em_system.o
 .debug_aranges
                0x000005d8       0x58 ./emlib/em_timer.o
 .debug_aranges
                0x00000630       0xd0 ./emlib/em_usart.o
 .debug_aranges
                0x00000700      0x140 ./src/init.o
 .debug_aranges
                0x00000840       0x38 ./src/main.o
 .debug_aranges
                0x00000878       0xa0 ./src/re.o

.debug_ranges   0x00000000      0x818
 .debug_ranges  0x00000000       0x68 ./BSP/bsp_stk_leds.o
 .debug_ranges  0x00000068       0x60 ./CMSIS/EFM32GG/system_efm32gg.o
 .debug_ranges  0x000000c8       0xb8 ./Drivers/segmentlcd.o
 .debug_ranges  0x00000180      0x170 ./emlib/em_cmu.o
 .debug_ranges  0x000002f0       0xd8 ./emlib/em_core.o
 .debug_ranges  0x000003c8       0x68 ./emlib/em_gpio.o
 .debug_ranges  0x00000430       0x98 ./emlib/em_lcd.o
 .debug_ranges  0x000004c8       0x48 ./emlib/em_rtc.o
 .debug_ranges  0x00000510       0x18 ./emlib/em_system.o
 .debug_ranges  0x00000528       0x48 ./emlib/em_timer.o
 .debug_ranges  0x00000570       0xc0 ./emlib/em_usart.o
 .debug_ranges  0x00000630      0x130 ./src/init.o
 .debug_ranges  0x00000760       0x28 ./src/main.o
 .debug_ranges  0x00000788       0x90 ./src/re.o

.debug_macro    0x00000000     0x375f
 .debug_macro   0x00000000      0x2fd ./BSP/bsp_stk_leds.o
 .debug_macro   0x000002fd       0x4f ./BSP/bsp_stk_leds.o
 .debug_macro   0x0000034c       0x51 ./BSP/bsp_stk_leds.o
 .debug_macro   0x0000039d       0xc3 ./BSP/bsp_stk_leds.o
 .debug_macro   0x00000460      0x28e ./CMSIS/EFM32GG/system_efm32gg.o
 .debug_macro   0x000006ee      0x432 ./Drivers/segmentlcd.o
 .debug_macro   0x00000b20       0x16 ./Drivers/segmentlcd.o
 .debug_macro   0x00000b36       0x97 ./Drivers/segmentlcd.o
 .debug_macro   0x00000bcd       0xf6 ./Drivers/segmentlcd.o
 .debug_macro   0x00000cc3       0x10 ./Drivers/segmentlcd.o
 .debug_macro   0x00000cd3       0x10 ./Drivers/segmentlcd.o
 .debug_macro   0x00000ce3       0xb6 ./Drivers/segmentlcd.o
 .debug_macro   0x00000d99       0x16 ./Drivers/segmentlcd.o
 .debug_macro   0x00000daf      0x129 ./Drivers/segmentlcd.o
 .debug_macro   0x00000ed8       0x16 ./Drivers/segmentlcd.o
 .debug_macro   0x00000eee       0x16 ./Drivers/segmentlcd.o
 .debug_macro   0x00000f04       0x22 ./Drivers/segmentlcd.o
 .debug_macro   0x00000f26       0x1d ./Drivers/segmentlcd.o
 .debug_macro   0x00000f43      0x117 ./Drivers/segmentlcd.o
 .debug_macro   0x0000105a       0x22 ./Drivers/segmentlcd.o
 .debug_macro   0x0000107c      0x367 ./emlib/em_cmu.o
 .debug_macro   0x000013e3       0x58 ./emlib/em_cmu.o
 .debug_macro   0x0000143b      0x34d ./emlib/em_cmu.o
 .debug_macro   0x00001788       0x25 ./emlib/em_cmu.o
 .debug_macro   0x000017ad       0xee ./emlib/em_cmu.o
 .debug_macro   0x0000189b       0x1f ./emlib/em_cmu.o
 .debug_macro   0x000018ba      0x2c0 ./emlib/em_core.o
 .debug_macro   0x00001b7a       0x63 ./emlib/em_core.o
 .debug_macro   0x00001bdd       0xba ./emlib/em_core.o
 .debug_macro   0x00001c97      0x2a7 ./emlib/em_gpio.o
 .debug_macro   0x00001f3e      0x29b ./emlib/em_lcd.o
 .debug_macro   0x000021d9       0x17 ./emlib/em_lcd.o
 .debug_macro   0x000021f0      0x2a1 ./emlib/em_rtc.o
 .debug_macro   0x00002491       0x10 ./emlib/em_rtc.o
 .debug_macro   0x000024a1      0x295 ./emlib/em_system.o
 .debug_macro   0x00002736      0x295 ./emlib/em_timer.o
 .debug_macro   0x000029cb       0x79 ./emlib/em_timer.o
 .debug_macro   0x00002a44      0x2eb ./emlib/em_usart.o
 .debug_macro   0x00002d2f       0xeb ./emlib/em_usart.o
 .debug_macro   0x00002e1a      0x3fe ./src/init.o
 .debug_macro   0x00003218       0x16 ./src/init.o
 .debug_macro   0x0000322e       0x7f ./src/init.o
 .debug_macro   0x000032ad       0xc0 ./src/init.o
 .debug_macro   0x0000336d      0x2b3 ./src/main.o
 .debug_macro   0x00003620      0x13f ./src/re.o

.debug_line     0x00000000     0x9459
 .debug_line    0x00000000      0xacc ./BSP/bsp_stk_leds.o
 .debug_line    0x00000acc       0x72 ./CMSIS/EFM32GG/startup_gcc_efm32gg.o
 .debug_line    0x00000b3e      0x835 ./CMSIS/EFM32GG/system_efm32gg.o
 .debug_line    0x00001373      0xd76 ./Drivers/segmentlcd.o
 .debug_line    0x000020e9     0x1098 ./emlib/em_cmu.o
 .debug_line    0x00003181      0xb2d ./emlib/em_core.o
 .debug_line    0x00003cae      0x9b7 ./emlib/em_gpio.o
 .debug_line    0x00004665      0xa0b ./emlib/em_lcd.o
 .debug_line    0x00005070      0x88d ./emlib/em_rtc.o
 .debug_line    0x000058fd      0x80f ./emlib/em_system.o
 .debug_line    0x0000610c      0xa9b ./emlib/em_timer.o
 .debug_line    0x00006ba7      0xb7e ./emlib/em_usart.o
 .debug_line    0x00007725      0xebd ./src/init.o
 .debug_line    0x000085e2      0x85c ./src/main.o
 .debug_line    0x00008e3e      0x61b ./src/re.o

.debug_str      0x00000000    0xdf5af
 .debug_str     0x00000000    0xd49e1 ./BSP/bsp_stk_leds.o
                              0xd5015 (size before relaxing)
 .debug_str     0x000d49e1       0x36 ./CMSIS/EFM32GG/startup_gcc_efm32gg.o
                                 0x94 (size before relaxing)
 .debug_str     0x000d4a17      0x365 ./CMSIS/EFM32GG/system_efm32gg.o
                              0xd2e82 (size before relaxing)
 .debug_str     0x000d4d7c     0x6cf9 ./Drivers/segmentlcd.o
                              0xdb0df (size before relaxing)
 .debug_str     0x000dba75      0xef7 ./emlib/em_cmu.o
                              0xd6c32 (size before relaxing)
 .debug_str     0x000dc96c      0xc1e ./emlib/em_core.o
                              0xd3a9f (size before relaxing)
 .debug_str     0x000dd58a      0x1fb ./emlib/em_gpio.o
                              0xd36ac (size before relaxing)
 .debug_str     0x000dd785      0x35a ./emlib/em_lcd.o
                              0xd3312 (size before relaxing)
 .debug_str     0x000ddadf      0x132 ./emlib/em_rtc.o
                              0xd2cc0 (size before relaxing)
 .debug_str     0x000ddc11       0xac ./emlib/em_system.o
                              0xd2f41 (size before relaxing)
 .debug_str     0x000ddcbd      0xa79 ./emlib/em_timer.o
                              0xd361d (size before relaxing)
 .debug_str     0x000de736      0x8c2 ./emlib/em_usart.o
                              0xd4fa8 (size before relaxing)
 .debug_str     0x000deff8      0x3ed ./src/init.o
                              0xdc4db (size before relaxing)
 .debug_str     0x000df3e5       0x43 ./src/main.o
                              0xd3409 (size before relaxing)
 .debug_str     0x000df428      0x187 ./src/re.o
                               0x6a95 (size before relaxing)

.debug_frame    0x00000000     0x2b64
 .debug_frame   0x00000000      0x1d0 ./BSP/bsp_stk_leds.o
 .debug_frame   0x000001d0      0x180 ./CMSIS/EFM32GG/system_efm32gg.o
 .debug_frame   0x00000350      0x318 ./Drivers/segmentlcd.o
 .debug_frame   0x00000668      0x690 ./emlib/em_cmu.o
 .debug_frame   0x00000cf8      0x3dc ./emlib/em_core.o
 .debug_frame   0x000010d4      0x1e0 ./emlib/em_gpio.o
 .debug_frame   0x000012b4      0x2d0 ./emlib/em_lcd.o
 .debug_frame   0x00001584      0x138 ./emlib/em_rtc.o
 .debug_frame   0x000016bc       0x60 ./emlib/em_system.o
 .debug_frame   0x0000171c      0x140 ./emlib/em_timer.o
 .debug_frame   0x0000185c      0x388 ./emlib/em_usart.o
 .debug_frame   0x00001be4      0x540 ./src/init.o
 .debug_frame   0x00002124       0x8c ./src/main.o
 .debug_frame   0x000021b0      0x298 ./src/re.o
 .debug_frame   0x00002448       0x20 c:/siliconlabs/simplicitystudio/v4/developer/toolchains/gnu_arm/7.2_2017q4/bin/../lib/gcc/arm-none-eabi/7.2.1/../../../../arm-none-eabi/lib/thumb/v7-m\libc_nano.a(lib_a-abs.o)
 .debug_frame   0x00002468       0x30 c:/siliconlabs/simplicitystudio/v4/developer/toolchains/gnu_arm/7.2_2017q4/bin/../lib/gcc/arm-none-eabi/7.2.1/../../../../arm-none-eabi/lib/thumb/v7-m\libc_nano.a(lib_a-atoi.o)
 .debug_frame   0x00002498       0x28 c:/siliconlabs/simplicitystudio/v4/developer/toolchains/gnu_arm/7.2_2017q4/bin/../lib/gcc/arm-none-eabi/7.2.1/../../../../arm-none-eabi/lib/thumb/v7-m\libc_nano.a(lib_a-exit.o)
 .debug_frame   0x000024c0       0x2c c:/siliconlabs/simplicitystudio/v4/developer/toolchains/gnu_arm/7.2_2017q4/bin/../lib/gcc/arm-none-eabi/7.2.1/../../../../arm-none-eabi/lib/thumb/v7-m\libc_nano.a(lib_a-init.o)
 .debug_frame   0x000024ec       0x28 c:/siliconlabs/simplicitystudio/v4/developer/toolchains/gnu_arm/7.2_2017q4/bin/../lib/gcc/arm-none-eabi/7.2.1/../../../../arm-none-eabi/lib/thumb/v7-m\libc_nano.a(lib_a-memcpy-stub.o)
 .debug_frame   0x00002514       0x20 c:/siliconlabs/simplicitystudio/v4/developer/toolchains/gnu_arm/7.2_2017q4/bin/../lib/gcc/arm-none-eabi/7.2.1/../../../../arm-none-eabi/lib/thumb/v7-m\libc_nano.a(lib_a-memset.o)
 .debug_frame   0x00002534       0x6c c:/siliconlabs/simplicitystudio/v4/developer/toolchains/gnu_arm/7.2_2017q4/bin/../lib/gcc/arm-none-eabi/7.2.1/../../../../arm-none-eabi/lib/thumb/v7-m\libc_nano.a(lib_a-sprintf.o)
 .debug_frame   0x000025a0       0x20 c:/siliconlabs/simplicitystudio/v4/developer/toolchains/gnu_arm/7.2_2017q4/bin/../lib/gcc/arm-none-eabi/7.2.1/../../../../arm-none-eabi/lib/thumb/v7-m\libc_nano.a(lib_a-strchr.o)
 .debug_frame   0x000025c0       0x20 c:/siliconlabs/simplicitystudio/v4/developer/toolchains/gnu_arm/7.2_2017q4/bin/../lib/gcc/arm-none-eabi/7.2.1/../../../../arm-none-eabi/lib/thumb/v7-m\libc_nano.a(lib_a-strcmp.o)
 .debug_frame   0x000025e0       0x84 c:/siliconlabs/simplicitystudio/v4/developer/toolchains/gnu_arm/7.2_2017q4/bin/../lib/gcc/arm-none-eabi/7.2.1/../../../../arm-none-eabi/lib/thumb/v7-m\libc_nano.a(lib_a-strtol.o)
 .debug_frame   0x00002664      0x11c c:/siliconlabs/simplicitystudio/v4/developer/toolchains/gnu_arm/7.2_2017q4/bin/../lib/gcc/arm-none-eabi/7.2.1/../../../../arm-none-eabi/lib/thumb/v7-m\libc_nano.a(lib_a-findfp.o)
 .debug_frame   0x00002780       0x68 c:/siliconlabs/simplicitystudio/v4/developer/toolchains/gnu_arm/7.2_2017q4/bin/../lib/gcc/arm-none-eabi/7.2.1/../../../../arm-none-eabi/lib/thumb/v7-m\libc_nano.a(lib_a-locale.o)
 .debug_frame   0x000027e8       0x48 c:/siliconlabs/simplicitystudio/v4/developer/toolchains/gnu_arm/7.2_2017q4/bin/../lib/gcc/arm-none-eabi/7.2.1/../../../../arm-none-eabi/lib/thumb/v7-m\libc_nano.a(lib_a-mbtowc_r.o)
 .debug_frame   0x00002830       0x2c c:/siliconlabs/simplicitystudio/v4/developer/toolchains/gnu_arm/7.2_2017q4/bin/../lib/gcc/arm-none-eabi/7.2.1/../../../../arm-none-eabi/lib/thumb/v7-m\libc_nano.a(lib_a-nano-mallocr.o)
 .debug_frame   0x0000285c       0x90 c:/siliconlabs/simplicitystudio/v4/developer/toolchains/gnu_arm/7.2_2017q4/bin/../lib/gcc/arm-none-eabi/7.2.1/../../../../arm-none-eabi/lib/thumb/v7-m\libc_nano.a(lib_a-nano-svfprintf.o)
 .debug_frame   0x000028ec       0x60 c:/siliconlabs/simplicitystudio/v4/developer/toolchains/gnu_arm/7.2_2017q4/bin/../lib/gcc/arm-none-eabi/7.2.1/../../../../arm-none-eabi/lib/thumb/v7-m\libc_nano.a(lib_a-nano-vfprintf_i.o)
 .debug_frame   0x0000294c       0x2c c:/siliconlabs/simplicitystudio/v4/developer/toolchains/gnu_arm/7.2_2017q4/bin/../lib/gcc/arm-none-eabi/7.2.1/../../../../arm-none-eabi/lib/thumb/v7-m\libc_nano.a(lib_a-sbrkr.o)
 .debug_frame   0x00002978       0x3c c:/siliconlabs/simplicitystudio/v4/developer/toolchains/gnu_arm/7.2_2017q4/bin/../lib/gcc/arm-none-eabi/7.2.1/../../../../arm-none-eabi/lib/thumb/v7-m\libc_nano.a(lib_a-wctomb_r.o)
 .debug_frame   0x000029b4       0x28 c:/siliconlabs/simplicitystudio/v4/developer/toolchains/gnu_arm/7.2_2017q4/bin/../lib/gcc/arm-none-eabi/7.2.1/../../../../arm-none-eabi/lib/thumb/v7-m\libc_nano.a(lib_a-memchr-stub.o)
 .debug_frame   0x000029dc       0x28 c:/siliconlabs/simplicitystudio/v4/developer/toolchains/gnu_arm/7.2_2017q4/bin/../lib/gcc/arm-none-eabi/7.2.1/../../../../arm-none-eabi/lib/thumb/v7-m\libc_nano.a(lib_a-memmove.o)
 .debug_frame   0x00002a04       0x30 c:/siliconlabs/simplicitystudio/v4/developer/toolchains/gnu_arm/7.2_2017q4/bin/../lib/gcc/arm-none-eabi/7.2.1/../../../../arm-none-eabi/lib/thumb/v7-m\libc_nano.a(lib_a-mlock.o)
 .debug_frame   0x00002a34       0x38 c:/siliconlabs/simplicitystudio/v4/developer/toolchains/gnu_arm/7.2_2017q4/bin/../lib/gcc/arm-none-eabi/7.2.1/../../../../arm-none-eabi/lib/thumb/v7-m\libc_nano.a(lib_a-nano-freer.o)
 .debug_frame   0x00002a6c       0x3c c:/siliconlabs/simplicitystudio/v4/developer/toolchains/gnu_arm/7.2_2017q4/bin/../lib/gcc/arm-none-eabi/7.2.1/../../../../arm-none-eabi/lib/thumb/v7-m\libc_nano.a(lib_a-nano-reallocr.o)
 .debug_frame   0x00002aa8       0x5c c:/siliconlabs/simplicitystudio/v4/developer/toolchains/gnu_arm/7.2_2017q4/bin/../lib/gcc/arm-none-eabi/7.2.1/../../../../arm-none-eabi/lib/thumb/v7-m\libc_nano.a(lib_a-reent.o)
 .debug_frame   0x00002b04       0x20 c:/siliconlabs/simplicitystudio/v4/developer/toolchains/gnu_arm/7.2_2017q4/bin/../lib/gcc/arm-none-eabi/7.2.1/../../../../arm-none-eabi/lib/thumb/v7-m\libc_nano.a(lib_a-nano-msizer.o)
 .debug_frame   0x00002b24       0x20 c:/siliconlabs/simplicitystudio/v4/developer/toolchains/gnu_arm/7.2_2017q4/bin/../lib/gcc/arm-none-eabi/7.2.1/../../../../arm-none-eabi/lib/thumb/v7-m\libnosys.a(sbrk.o)
 .debug_frame   0x00002b44       0x20 c:/siliconlabs/simplicitystudio/v4/developer/toolchains/gnu_arm/7.2_2017q4/bin/../lib/gcc/arm-none-eabi/7.2.1/../../../../arm-none-eabi/lib/thumb/v7-m\libnosys.a(_exit.o)

.stabstr        0x00000000      0x14d
 .stabstr       0x00000000      0x14d c:/siliconlabs/simplicitystudio/v4/developer/toolchains/gnu_arm/7.2_2017q4/bin/../lib/gcc/arm-none-eabi/7.2.1/../../../../arm-none-eabi/lib/thumb/v7-m\libnosys.a(close.o)
